
================================================================================
STARTING INDUSTRIAL-LEVEL COMPREHENSIVE TEST SUITE
================================================================================

================================================================================
[*] CATEGORY: DEPENDENCY VERIFICATION
================================================================================
  [PASS] Package: pathlib
       >> vBuilt-in
  [PASS] Package: json
       >> vBuilt-in
  [PASS] Package: typing
       >> vBuilt-in
  [PASS] Package: dataclasses
       >> vBuilt-in
  [PASS] Package: datetime
       >> vBuilt-in
  [PASS] Package: pydantic
       >> v2.12.5
  [PASS] Package: numpy
       >> v2.4.4

================================================================================
[*] CATEGORY: PHASE 1-3: BASE EXPERT MODULES (5 experts)
================================================================================
  [PASS] CybersecurityExpert initialization
       >> Expert name: Cybersecurity Expert
  [PASS] CybersecurityExpert knowledge base
       >> Knowledge source verified
  [PASS] CybersecurityExpert specialties
       >> 6 specialties defined
  [PASS] CybersecurityExpert methods
       >> 5 public methods available
  [PASS] CryptographyExpert initialization
       >> Expert name: Cryptography Expert
  [FAIL] CryptographyExpert knowledge base
       >> Knowledge source verified
  [PASS] CryptographyExpert specialties
       >> 6 specialties defined
  [PASS] CryptographyExpert methods
       >> 6 public methods available
  [PASS] AlgorithmsExpert initialization
       >> Expert name: Algorithms & Data Structures Expert
  [FAIL] AlgorithmsExpert knowledge base
       >> Knowledge source verified
  [PASS] AlgorithmsExpert specialties
       >> 6 specialties defined
  [PASS] AlgorithmsExpert methods
       >> 7 public methods available
  [PASS] SystemEngineeringExpert initialization
       >> Expert name: System Engineering & Architecture Expert
  [FAIL] SystemEngineeringExpert knowledge base
       >> Knowledge source verified
  [PASS] SystemEngineeringExpert specialties
       >> 6 specialties defined
  [PASS] SystemEngineeringExpert methods
       >> 7 public methods available
  [PASS] AdvancedSecurityExpert initialization
       >> Expert name: Advanced Security Expert
  [FAIL] AdvancedSecurityExpert knowledge base
       >> Knowledge source verified
  [PASS] AdvancedSecurityExpert specialties
       >> 6 specialties defined
  [PASS] AdvancedSecurityExpert methods
       >> 8 public methods available

================================================================================
[*] CATEGORY: PHASE 4: COORDINATOR INTEGRATION LAYER
================================================================================

  [1] Testing ExpertRouter...
  [PASS] ExpertRouter instantiation
  [PASS] ExpertRouter keywords configured
       >> 5 domains configured
  [PASS] Router.route_query('sql injection vulnerabili...')
       >> Routed to cybersecurity
  [PASS] Router.route_query('aes encryption...')
       >> Routed to cryptography
  [PASS] Router.route_query('quicksort...')
       >> Routed to algorithms
  [PASS] Router.route_query('microservices architectur...')
       >> Routed to engineering
  [PASS] Router.route_query('firewall configuration...')
       >> Routed to advanced_security

  [2] Testing ExpertIntegrator...
  [PASS] ExpertIntegrator instantiation
       >> 5 experts loaded
  [PASS] ExpertIntegrator.query_expert()
       >> Response type: ExpertResponse

  [3] Testing CoordinatorExpertBridge...
  [PASS] CoordinatorExpertBridge instantiation
  [PASS] CoordinatorExpertBridge.process_through_experts()
       >> Result keys: ['query', 'responses', 'primary_expert']...

================================================================================
[*] CATEGORY: PHASE 5: ADVANCED FEATURES SYSTEM
================================================================================

  [1] Testing FeedbackCollector...
  [PASS] FeedbackCollector instantiation
  [PASS] FeedbackCollector.record_feedback()
       >> Feedback recorded successfully
  [PASS] FeedbackCollector.get_expert_metrics()
       >> Metrics type: ExpertPerformanceMetrics

  [2] Testing KnowledgeUpdateEngine...
  [PASS] KnowledgeUpdateEngine instantiation
  [PASS] KnowledgeUpdateEngine.suggest_knowledge_update()
       >> Update suggested successfully
  [PASS] KnowledgeUpdateEngine.get_pending_updates()
       >> Pending updates: 10

  [3] Testing PerformanceOptimizer...
  [PASS] PerformanceOptimizer instantiation
  [PASS] PerformanceOptimizer.record_query_time()
       >> Query times recorded
  [PASS] PerformanceOptimizer.get_performance_stats()
       >> Stats keys: ['cryptography', 'cybersecurity']

  [4] Testing AdvancedFeatureManager...
py : Traceback (most recent call last):
At line:1 char:24
+ ... st brain" ; py -3 tests/python/test_complete_system.py > test_output. ...
+                 ~~~~~~~~~~~~~~~~~~~~~~~~~~~~~~~~~~~~~~~~~~~~~~~~~~~~~~~~~
    + CategoryInfo          : NotSpecified: (Traceback (most recent call last) 
   ::String) [], RemoteException
    + FullyQualifiedErrorId : NativeCommandError
 
  [PASS] AdvancedFeatureManager instantiation
  [PASS] AdvancedFeatureManager.get_system_health_report()
       >> Report components: 5 sections

================================================================================
[*] CATEGORY: PHASE 6: EXTENDED DOMAIN EXPERTS (3 experts)
================================================================================

  File "D:\latest brain\tests\python\test_complete_system.py", line 698, in 
<module>
    print(f"\u2705 Test results saved to: {report_file}")
  File "C:\Users\waseem\AppData\Local\Programs\Python\Python311\Lib\encodings\c
p1252.py", line 19, in encode
    return codecs.charmap_encode(input,self.errors,encoding_table)[0]
  [MLExpert]
  [PASS] MLExpert initialization
       >> Expert: Machine Learning & AI Expert
  [PASS] MLExpert specialties
       >> 6 specialties
  [PASS] MLExpert.recommend_algorithm()
       >> Returns dict
  [PASS] MLExpert.model_optimization_strategy()
       >> Returns dict
  [PASS] MLExpert.handle_class_imbalance()
       >> Returns dict
  [PASS] MLExpert.get_data_requirements()
       >> Returns dict

  [DevOpsExpert]
  [PASS] DevOpsExpert initialization
       >> Expert: DevOps & Infrastructure Expert
  [PASS] DevOpsExpert specialties
       >> 7 specialties
  [PASS] DevOpsExpert.design_deployment_pipeline()
       >> Returns dict
  [PASS] DevOpsExpert.recommend_monitoring_stack()
       >> Returns dict
  [PASS] DevOpsExpert.disaster_recovery_strategy()
       >> Returns dict
  [PASS] DevOpsExpert.get_summary()
       >> Returns dict

  [SecurityAuditExpert]
  [PASS] SecurityAuditExpert initialization
       >> Expert: Security Audit & Compliance Expert
  [PASS] SecurityAuditExpert specialties
       >> 7 specialties
  [PASS] SecurityAuditExpert.plan_security_audit()
       >> Returns dict
  [PASS] SecurityAuditExpert.compliance_readiness_assessment()
       >> Returns dict
  [PASS] SecurityAuditExpert.vulnerability_prioritization()
       >> Returns list
  [PASS] SecurityAuditExpert.get_security_metrics()
       >> Returns dict

================================================================================
[*] CATEGORY: DATA PERSISTENCE & STORAGE
================================================================================
  [PASS] Feedback directory exists
       >> Path: data\expert_feedback
  [PASS] Feedback history file persistence
       >> File will be created on first feedback
  [PASS] Knowledge updates file persistence
       >> File will be created on first update
  [PASS] JSON serialization/deserialization
       >> Data survives round-trip


================================================================================
INDUSTRIAL-LEVEL TEST REPORT
================================================================================

           ^^^^^^^^^^^^^^^^^^^^^^^^^^^^^^^^^^^^^^^^^^^^^^^^^^^^^^^
UnicodeEncodeError: 'charmap' codec can't encode character '\u2705' in 
position 0: character maps to <undefined>
[*] OVERALL SUMMARY
   Total Tests:  71
   [PASS] Passed:     67
   [FAIL] Failed:     4
   Pass Rate:    94.4%

[*] CATEGORY BREAKDOWN
   [OK] DEPENDENCY VERIFICATION: 7/7 (100%)
   [!] PHASE 1-3: BASE EXPERT MODULES (5 experts): 16/20 (80%)
   [OK] PHASE 4: COORDINATOR INTEGRATION LAYER: 11/11 (100%)
   [OK] PHASE 5: ADVANCED FEATURES SYSTEM: 11/11 (100%)
   [OK] PHASE 6: EXTENDED DOMAIN EXPERTS (3 experts): 18/18 (100%)
   [OK] DATA PERSISTENCE & STORAGE: 4/4 (100%)

[*] DEPENDENCIES
   [OK] pathlib: Built-in
   [OK] json: Built-in
   [OK] typing: Built-in
   [OK] dataclasses: Built-in
   [OK] datetime: Built-in
   [OK] pydantic: 2.12.5
   [OK] numpy: 2.4.4

[X] FAILED TESTS (4 total)
   ò CryptographyExpert knowledge base: 
   ò AlgorithmsExpert knowledge base: 
   ò SystemEngineeringExpert knowledge base: 
   ò AdvancedSecurityExpert knowledge base: 

[*] QUALITY ASSESSMENT
   Status: NEEDS ATTENTION

================================================================================
Report generated: 2026-04-06T00:48:29.453521
================================================================================

